{
    "Should run without failures": {
        "content": [
            {
                "0": [
                    "validation_report.txt:md5,0740e7a3cceb8a1e8b96ea634ff3c508"
                ],
                "1": [
                    "versions.yml:md5,909fbbdae9a5e1ed8f86453b72c2e236"
                ],
                "json": [
                    "validation_report.txt:md5,0740e7a3cceb8a1e8b96ea634ff3c508"
                ],
                "versions": [
                    "versions.yml:md5,909fbbdae9a5e1ed8f86453b72c2e236"
                ]
            }
        ],
        "meta": {
            "nf-test": "0.8.4",
            "nextflow": "23.10.1"
        },
        "timestamp": "2024-03-22T10:04:59.712276004"
    }
}